09:17:25 **** Incremental Build of configuration Debug for project 007volatile ****
make -j12 all 
arm-none-eabi-gcc "../Src/main.c" -mcpu=cortex-m4 -std=gnu11 -g3 -DDEBUG -DSTM32 -DSTM32F407G_DISC1 -DSTM32F4 -DSTM32F407VGTx -c -I../Inc -O1 -ffunction-sections -fdata-sections -Wall -fstack-usage -MMD -MP -MF"Src/main.d" -MT"Src/main.o" --specs=nano.specs -mfpu=fpv4-sp-d16 -mfloat-abi=hard -mthumb -o "Src/main.o"
../Src/main.c:22:4: warning: #warning "FPU is not initialized, but the project is compiling for an FPU. Please initialize the FPU before use." [-Wcpp]
   22 |   #warning "FPU is not initialized, but the project is compiling for an FPU. Please initialize the FPU before use."
      |    ^~~~~~~
../Src/main.c: In function 'main':
../Src/main.c:28:19: warning: variable 'data2' set but not used [-Wunused-but-set-variable]
   28 |  uint8_t volatile data2;
      |                   ^~~~~
arm-none-eabi-gcc -o "007volatile.elf" @"objects.list"   -mcpu=cortex-m4 -T"E:\Users\Daniel\Documents\git working area\Embedded-C\My_Workspace\target\007volatile\STM32F407VGTX_FLASH.ld" --specs=nosys.specs -Wl,-Map="007volatile.map" -Wl,--gc-sections -static --specs=nano.specs -mfpu=fpv4-sp-d16 -mfloat-abi=hard -mthumb -Wl,--start-group -lc -lm -Wl,--end-group
Finished building target: 007volatile.elf
 
arm-none-eabi-size   007volatile.elf 
arm-none-eabi-objdump -h -S  007volatile.elf  > "007volatile.list"
   text	   data	    bss	    dec	    hex	filename
    700	      8	   1568	   2276	    8e4	007volatile.elf
Finished building: default.size.stdout
 
Finished building: 007volatile.list
 

09:17:30 Build Finished. 0 errors, 2 warnings. (took 5s.204ms)

