14:15:21 **** Build of configuration Debug for project NucleoTest ****
make -j8 all 
arm-none-eabi-gcc -mcpu=cortex-m0 -g3 -DDEBUG -c -x assembler-with-cpp -MMD -MP -MF"Startup/startup_stm32f030r8tx.d" -MT"Startup/startup_stm32f030r8tx.o" --specs=nano.specs -mfloat-abi=soft -mthumb -o "Startup/startup_stm32f030r8tx.o" "../Startup/startup_stm32f030r8tx.s"
arm-none-eabi-gcc "../Src/main.c" -mcpu=cortex-m0 -std=gnu11 -g3 -DDEBUG -DSTM32F030R8Tx -DSTM32 -DSTM32F0 -DNUCLEO_F030R8 -c -I../Inc -O0 -ffunction-sections -fdata-sections -Wall -fstack-usage -MMD -MP -MF"Src/main.d" -MT"Src/main.o" --specs=nano.specs -mfloat-abi=soft -mthumb -o "Src/main.o"
arm-none-eabi-gcc "../Src/syscalls.c" -mcpu=cortex-m0 -std=gnu11 -g3 -DDEBUG -DSTM32F030R8Tx -DSTM32 -DSTM32F0 -DNUCLEO_F030R8 -c -I../Inc -O0 -ffunction-sections -fdata-sections -Wall -fstack-usage -MMD -MP -MF"Src/syscalls.d" -MT"Src/syscalls.o" --specs=nano.specs -mfloat-abi=soft -mthumb -o "Src/syscalls.o"
arm-none-eabi-gcc "../Src/sysmem.c" -mcpu=cortex-m0 -std=gnu11 -g3 -DDEBUG -DSTM32F030R8Tx -DSTM32 -DSTM32F0 -DNUCLEO_F030R8 -c -I../Inc -O0 -ffunction-sections -fdata-sections -Wall -fstack-usage -MMD -MP -MF"Src/sysmem.d" -MT"Src/sysmem.o" --specs=nano.specs -mfloat-abi=soft -mthumb -o "Src/sysmem.o"
arm-none-eabi-gcc -o "NucleoTest.elf" @"objects.list"   -mcpu=cortex-m0 -T"C:\Users\dwhitney\Documents\udemy\Embedded-C\My_Workspace\target\NucleoTest\STM32F030R8TX_FLASH.ld" --specs=nosys.specs -Wl,-Map="NucleoTest.map" -Wl,--gc-sections -static --specs=nano.specs -mfloat-abi=soft -mthumb -Wl,--start-group -lc -lm -Wl,--end-group
Finished building target: NucleoTest.elf
 
arm-none-eabi-size   NucleoTest.elf 
arm-none-eabi-objdump -h -S  NucleoTest.elf  > "NucleoTest.list"
   text	   data	    bss	    dec	    hex	filename
    452	      8	   1568	   2028	    7ec	NucleoTest.elf
arm-none-eabi-objcopy  -O binary  NucleoTest.elf  "NucleoTest.bin"
Finished building: default.size.stdout
 
Finished building: NucleoTest.list
 
Finished building: NucleoTest.bin
 

14:15:28 Build Finished. 0 errors, 0 warnings. (took 7s.373ms)

